@import custom_components/styles/index.sass

body
  font-family: $ff-gothic
