@import ../../custom_components/styles/font

body
  font-family: $ff-gothic
