@import bower_components/styles/font

body
  font-family: $ff-gothic
